{
  + follow: false
  + host: hexlet.io
  + timeout: 30
}