{
  - follow: false
  + follow: true
  - timeout: 50
  + timeout: 40
}